[
  {
    "Tool": "agy",
    "SessionID": "conv-1",
    "Timestamp": "2026-09-01T12:46:10Z",
    "Model": "",
    "InputTokens": 0,
    "OutputTokens": 0,
    "CacheReadTokens": 0,
    "CacheWriteTokens": 0,
    "CacheWrite1hTokens": 0,
    "CacheMissReason": "",
    "ReasoningTokens": 0,
    "DedupeKey": "conv-1:1",
    "Member": "",
    "Project": "",
    "Subpath": "",
    "GitBranch": "",
    "Entrypoint": "",
    "Granularity": "turn",
    "LinesAdded": 0,
    "LinesRemoved": 0,
    "Edits": 0,
    "ToolCalls": 0,
    "Rejected": 0,
    "Compactions": 0,
    "ToolReads": 0,
    "ToolSearches": 0,
    "ToolCommands": 0,
    "ToolWrites": 0,
    "ToolOther": 0,
    "ToolErrors": 0,
    "Sidechain": 0,
    "Skill": "",
    "Agent": "",
    "ReworkLines": 0
  },
  {
    "Tool": "agy",
    "SessionID": "conv-1",
    "Timestamp": "2026-09-01T12:46:11Z",
    "Model": "",
    "InputTokens": 0,
    "OutputTokens": 0,
    "CacheReadTokens": 0,
    "CacheWriteTokens": 0,
    "CacheWrite1hTokens": 0,
    "CacheMissReason": "",
    "ReasoningTokens": 0,
    "DedupeKey": "conv-1:3",
    "Member": "",
    "Project": "",
    "Subpath": "",
    "GitBranch": "",
    "Entrypoint": "",
    "Granularity": "turn",
    "LinesAdded": 0,
    "LinesRemoved": 0,
    "Edits": 0,
    "ToolCalls": 1,
    "Rejected": 0,
    "Compactions": 0,
    "ToolReads": 0,
    "ToolSearches": 0,
    "ToolCommands": 0,
    "ToolWrites": 0,
    "ToolOther": 1,
    "ToolErrors": 0,
    "Sidechain": 0,
    "Skill": "",
    "Agent": "",
    "ReworkLines": 0
  },
  {
    "Tool": "agy",
    "SessionID": "conv-1",
    "Timestamp": "2026-09-01T12:51:53Z",
    "Model": "",
    "InputTokens": 0,
    "OutputTokens": 0,
    "CacheReadTokens": 0,
    "CacheWriteTokens": 0,
    "CacheWrite1hTokens": 0,
    "CacheMissReason": "",
    "ReasoningTokens": 0,
    "DedupeKey": "conv-1:4",
    "Member": "",
    "Project": "",
    "Subpath": "",
    "GitBranch": "",
    "Entrypoint": "",
    "Granularity": "turn",
    "LinesAdded": 0,
    "LinesRemoved": 0,
    "Edits": 0,
    "ToolCalls": 0,
    "Rejected": 0,
    "Compactions": 0,
    "ToolReads": 0,
    "ToolSearches": 0,
    "ToolCommands": 0,
    "ToolWrites": 0,
    "ToolOther": 0,
    "ToolErrors": 0,
    "Sidechain": 0,
    "Skill": "",
    "Agent": "",
    "ReworkLines": 0
  }
]
