[
  {
    "Tool": "agy",
    "SessionID": "conv-1",
    "Timestamp": "2026-09-01T23:41:46Z",
    "Model": "",
    "InputTokens": 0,
    "OutputTokens": 0,
    "CacheReadTokens": 0,
    "CacheWriteTokens": 0,
    "CacheWrite1hTokens": 0,
    "CacheMissReason": "",
    "ReasoningTokens": 0,
    "DedupeKey": "conv-1:1",
    "Member": "",
    "Project": "",
    "Subpath": "",
    "GitBranch": "",
    "Entrypoint": "",
    "Granularity": "turn",
    "LinesAdded": 0,
    "LinesRemoved": 0,
    "Edits": 1,
    "ToolCalls": 1,
    "Rejected": 0,
    "Compactions": 0,
    "ToolReads": 0,
    "ToolSearches": 0,
    "ToolCommands": 0,
    "ToolWrites": 1,
    "ToolOther": 0,
    "ToolErrors": 0,
    "Sidechain": 0,
    "Skill": "",
    "Agent": "",
    "ReworkLines": 0
  },
  {
    "Tool": "agy",
    "SessionID": "conv-1",
    "Timestamp": "2026-09-01T23:42:09Z",
    "Model": "",
    "InputTokens": 0,
    "OutputTokens": 0,
    "CacheReadTokens": 0,
    "CacheWriteTokens": 0,
    "CacheWrite1hTokens": 0,
    "CacheMissReason": "",
    "ReasoningTokens": 0,
    "DedupeKey": "conv-1:2",
    "Member": "",
    "Project": "",
    "Subpath": "",
    "GitBranch": "",
    "Entrypoint": "",
    "Granularity": "turn",
    "LinesAdded": 0,
    "LinesRemoved": 0,
    "Edits": 1,
    "ToolCalls": 1,
    "Rejected": 0,
    "Compactions": 0,
    "ToolReads": 0,
    "ToolSearches": 0,
    "ToolCommands": 0,
    "ToolWrites": 1,
    "ToolOther": 0,
    "ToolErrors": 0,
    "Sidechain": 0,
    "Skill": "",
    "Agent": "",
    "ReworkLines": 0
  },
  {
    "Tool": "agy",
    "SessionID": "conv-1",
    "Timestamp": "2026-09-01T23:42:42Z",
    "Model": "",
    "InputTokens": 0,
    "OutputTokens": 0,
    "CacheReadTokens": 0,
    "CacheWriteTokens": 0,
    "CacheWrite1hTokens": 0,
    "CacheMissReason": "",
    "ReasoningTokens": 0,
    "DedupeKey": "conv-1:4",
    "Member": "",
    "Project": "",
    "Subpath": "",
    "GitBranch": "",
    "Entrypoint": "",
    "Granularity": "turn",
    "LinesAdded": 0,
    "LinesRemoved": 0,
    "Edits": 1,
    "ToolCalls": 1,
    "Rejected": 0,
    "Compactions": 0,
    "ToolReads": 0,
    "ToolSearches": 0,
    "ToolCommands": 0,
    "ToolWrites": 1,
    "ToolOther": 0,
    "ToolErrors": 0,
    "Sidechain": 0,
    "Skill": "",
    "Agent": "",
    "ReworkLines": 0
  },
  {
    "Tool": "agy",
    "SessionID": "conv-1",
    "Timestamp": "2026-09-01T23:42:48Z",
    "Model": "",
    "InputTokens": 0,
    "OutputTokens": 0,
    "CacheReadTokens": 0,
    "CacheWriteTokens": 0,
    "CacheWrite1hTokens": 0,
    "CacheMissReason": "",
    "ReasoningTokens": 0,
    "DedupeKey": "conv-1:6",
    "Member": "",
    "Project": "",
    "Subpath": "",
    "GitBranch": "",
    "Entrypoint": "",
    "Granularity": "turn",
    "LinesAdded": 0,
    "LinesRemoved": 0,
    "Edits": 0,
    "ToolCalls": 1,
    "Rejected": 0,
    "Compactions": 0,
    "ToolReads": 0,
    "ToolSearches": 0,
    "ToolCommands": 1,
    "ToolWrites": 0,
    "ToolOther": 0,
    "ToolErrors": 0,
    "Sidechain": 0,
    "Skill": "",
    "Agent": "",
    "ReworkLines": 0
  }
]
