[
  {
    "Tool": "cline",
    "SessionID": "task1",
    "Timestamp": "2025-07-01T09:00:01Z",
    "Model": "claude-sonnet-4-5",
    "InputTokens": 1200,
    "OutputTokens": 340,
    "CacheReadTokens": 0,
    "CacheWriteTokens": 600,
    "ReasoningTokens": 0,
    "DedupeKey": "task1:0",
    "Member": "",
    "Project": "",
    "Subpath": "",
    "GitBranch": "",
    "Entrypoint": "",
    "Granularity": "turn",
    "LinesAdded": 0,
    "LinesRemoved": 0,
    "Edits": 0,
    "ToolCalls": 0,
    "Rejected": 0,
    "Compactions": 0,
    "ReworkLines": 0
  },
  {
    "Tool": "cline",
    "SessionID": "task1",
    "Timestamp": "2025-07-01T09:00:10Z",
    "Model": "claude-opus-4-5",
    "InputTokens": 900,
    "OutputTokens": 210,
    "CacheReadTokens": 1200,
    "CacheWriteTokens": 0,
    "ReasoningTokens": 0,
    "DedupeKey": "task1:1",
    "Member": "",
    "Project": "",
    "Subpath": "",
    "GitBranch": "",
    "Entrypoint": "",
    "Granularity": "turn",
    "LinesAdded": 0,
    "LinesRemoved": 0,
    "Edits": 0,
    "ToolCalls": 0,
    "Rejected": 0,
    "Compactions": 0,
    "ReworkLines": 0
  }
]
