[
  {
    "Tool": "gemini-cli",
    "SessionID": "g1",
    "Timestamp": "2026-07-01T10:00:00Z",
    "Model": "gemini-2.5-pro",
    "InputTokens": 800,
    "OutputTokens": 370,
    "CacheReadTokens": 200,
    "CacheWriteTokens": 0,
    "ReasoningTokens": 50,
    "DedupeKey": "3c88b3f6:g1:0",
    "Member": "",
    "Project": "",
    "Subpath": "",
    "GitBranch": "",
    "Entrypoint": "",
    "Granularity": "turn",
    "LinesAdded": 0,
    "LinesRemoved": 0,
    "Edits": 0,
    "ToolCalls": 0,
    "Rejected": 0,
    "Compactions": 0,
    "ReworkLines": 0
  },
  {
    "Tool": "gemini-cli",
    "SessionID": "g1",
    "Timestamp": "2026-07-01T10:00:05Z",
    "Model": "gemini-2.5-flash",
    "InputTokens": 500,
    "OutputTokens": 100,
    "CacheReadTokens": 0,
    "CacheWriteTokens": 0,
    "ReasoningTokens": 0,
    "DedupeKey": "3c88b3f6:g1:1",
    "Member": "",
    "Project": "",
    "Subpath": "",
    "GitBranch": "",
    "Entrypoint": "",
    "Granularity": "turn",
    "LinesAdded": 0,
    "LinesRemoved": 0,
    "Edits": 0,
    "ToolCalls": 0,
    "Rejected": 0,
    "Compactions": 0,
    "ReworkLines": 0
  },
  {
    "Tool": "gemini-cli",
    "SessionID": "g1",
    "Timestamp": "2026-07-01T10:00:10Z",
    "Model": "gemini-2.5-pro",
    "InputTokens": 400,
    "OutputTokens": 190,
    "CacheReadTokens": 400,
    "CacheWriteTokens": 0,
    "ReasoningTokens": 30,
    "DedupeKey": "3c88b3f6:g1:2",
    "Member": "",
    "Project": "",
    "Subpath": "",
    "GitBranch": "",
    "Entrypoint": "",
    "Granularity": "turn",
    "LinesAdded": 0,
    "LinesRemoved": 0,
    "Edits": 0,
    "ToolCalls": 0,
    "Rejected": 0,
    "Compactions": 0,
    "ReworkLines": 0
  }
]
