[
  {
    "Tool": "codex",
    "SessionID": "c1",
    "Timestamp": "2026-07-01T09:00:00Z",
    "Model": "gpt-5.1",
    "InputTokens": 800,
    "OutputTokens": 300,
    "CacheReadTokens": 200,
    "CacheWriteTokens": 0,
    "ReasoningTokens": 50,
    "DedupeKey": "ad9b692b:c1:0",
    "Member": "",
    "Project": "app",
    "Subpath": "",
    "GitBranch": "",
    "Entrypoint": "",
    "Granularity": "turn",
    "LinesAdded": 5,
    "LinesRemoved": 0,
    "Edits": 1,
    "ToolCalls": 2,
    "Rejected": 0,
    "Compactions": 0,
    "ReworkLines": 0
  },
  {
    "Tool": "codex",
    "SessionID": "c1",
    "Timestamp": "2026-07-01T09:00:00Z",
    "Model": "gpt-5.1",
    "InputTokens": 300,
    "OutputTokens": 200,
    "CacheReadTokens": 200,
    "CacheWriteTokens": 0,
    "ReasoningTokens": 30,
    "DedupeKey": "ad9b692b:c1:1",
    "Member": "",
    "Project": "app",
    "Subpath": "",
    "GitBranch": "",
    "Entrypoint": "",
    "Granularity": "turn",
    "LinesAdded": 8,
    "LinesRemoved": 3,
    "Edits": 1,
    "ToolCalls": 1,
    "Rejected": 0,
    "Compactions": 1,
    "ReworkLines": 2
  }
]
