[
  {
    "Tool": "claude-code",
    "SessionID": "s1",
    "Timestamp": "2026-07-01T10:00:05Z",
    "Model": "claude-opus-4-5",
    "InputTokens": 100,
    "OutputTokens": 200,
    "CacheReadTokens": 800,
    "CacheWriteTokens": 50,
    "ReasoningTokens": 0,
    "DedupeKey": "a1",
    "Member": "",
    "Project": "app",
    "Subpath": "",
    "GitBranch": "main",
    "Entrypoint": "cli",
    "Granularity": "turn",
    "LinesAdded": 0,
    "LinesRemoved": 0,
    "Edits": 0,
    "ToolCalls": 0,
    "Rejected": 0,
    "Compactions": 0,
    "ReworkLines": 0
  },
  {
    "Tool": "claude-code",
    "SessionID": "s1",
    "Timestamp": "2026-07-01T10:01:00Z",
    "Model": "claude-haiku-4-5",
    "InputTokens": 10,
    "OutputTokens": 20,
    "CacheReadTokens": 0,
    "CacheWriteTokens": 0,
    "ReasoningTokens": 0,
    "DedupeKey": "a2",
    "Member": "",
    "Project": "app",
    "Subpath": "",
    "GitBranch": "main",
    "Entrypoint": "cli",
    "Granularity": "turn",
    "LinesAdded": 0,
    "LinesRemoved": 0,
    "Edits": 0,
    "ToolCalls": 0,
    "Rejected": 0,
    "Compactions": 0,
    "ReworkLines": 0
  },
  {
    "Tool": "claude-code",
    "SessionID": "s1",
    "Timestamp": "2026-07-01T10:02:00Z",
    "Model": "claude-opus-4-5",
    "InputTokens": 150,
    "OutputTokens": 80,
    "CacheReadTokens": 900,
    "CacheWriteTokens": 0,
    "ReasoningTokens": 0,
    "DedupeKey": "a3",
    "Member": "",
    "Project": "app",
    "Subpath": "",
    "GitBranch": "main",
    "Entrypoint": "cli",
    "Granularity": "turn",
    "LinesAdded": 5,
    "LinesRemoved": 2,
    "Edits": 1,
    "ToolCalls": 2,
    "Rejected": 1,
    "Compactions": 1,
    "ReworkLines": 0
  },
  {
    "Tool": "claude-code",
    "SessionID": "s1",
    "Timestamp": "2026-07-01T10:02:10Z",
    "Model": "claude-haiku-4-5-20251001",
    "InputTokens": 500,
    "OutputTokens": 30,
    "CacheReadTokens": 0,
    "CacheWriteTokens": 0,
    "ReasoningTokens": 0,
    "DedupeKey": "agent:ag1",
    "Member": "",
    "Project": "app",
    "Subpath": "",
    "GitBranch": "main",
    "Entrypoint": "cli",
    "Granularity": "turn",
    "LinesAdded": 12,
    "LinesRemoved": 3,
    "Edits": 0,
    "ToolCalls": 0,
    "Rejected": 0,
    "Compactions": 0,
    "ReworkLines": 0
  }
]
